
> app-temp@0.1.0 build
> next build

  Γû▓ Next.js 14.2.35

   Creating an optimized production build ...
node.exe : (node:14340) 
ExperimentalWarning: Type Stripping is 
an experimental feature and might 
change at any time
At C:\Program Files\nodejs\npm.ps1:29 
char:3
+   & $NODE_EXE $NPM_CLI_JS $args
+   ~~~~~~~~~~~~~~~~~~~~~~~~~~~~~
    + CategoryInfo          : 
NotSpecifi    ed: ((node:14340) 
Ex...nge at any ti    me:String) [], 
RemoteException
    + FullyQualifiedErrorId : 
NativeComm    andError
 
(Use `node --trace-warnings ...` to 
show where the warning was created)
 Γ£ô Compiled successfully
   Linting and checking validity of types ...

Failed to compile.

./src/app/page.tsx
9:36  Error: 'loginCustomerWithGoogle' 
is defined but never used.  
@typescript-eslint/no-unused-vars
10:27  Error: 'ArrowRight' is defined 
but never used.  
@typescript-eslint/no-unused-vars

./src/app/ticket/[bookingId]/page.tsx
129:73  Error: `'` can be escaped with 
`&apos;`, `&lsquo;`, `&#39;`, 
`&rsquo;`.  react/no-unescaped-entities

./src/app/vendor/dashboard/page.tsx
9:48  Error: 'orderBy' is defined but 
never used.  
@typescript-eslint/no-unused-vars
17:36  Error: Unexpected any. Specify a 
different type.  
@typescript-eslint/no-explicit-any

./src/app/vendor/login/page.tsx
29:19  Error: Unexpected any. Specify a 
different type.  
@typescript-eslint/no-explicit-any

./src/app/[shopId]/page.tsx
10:63  Error: 'Info' is defined but 
never used.  
@typescript-eslint/no-unused-vars

./src/lib/firebase/db.ts
4:3  Error: 'doc' is defined but never 
used.  @typescript-eslint/no-unused-vars
5:3  Error: 'getDoc' is defined but 
never used.  
@typescript-eslint/no-unused-vars
7:3  Error: 'setDoc' is defined but 
never used.  
@typescript-eslint/no-unused-vars
8:3  Error: 'updateDoc' is defined but 
never used.  
@typescript-eslint/no-unused-vars
13:3  Error: 'Timestamp' is defined but 
never used.  
@typescript-eslint/no-unused-vars
42:14  Error: Unexpected any. Specify a 
different type.  
@typescript-eslint/no-explicit-any

info  - Need to disable some ESLint 
rules? Learn more here: https://nextjs.o
rg/docs/basic-features/eslint#disabling-
rules
